
> matricmaster@0.0.1 test:unit
> vitest run src/__tests__/utils.test.ts
