
Running 1 test using 1 worker

Starting Sign Up with email: testuser-1770989992171@matricmaster.test
Successfully navigated to dashboard after sign up
  Γ£ÿ  1 [chromium] ΓÇ║ e2e\auth-flow.spec.ts:4:5 ΓÇ║ Authentication Flow ΓÇ║ User can sign up, sign out, and sign in (1.0m)


  1) [chromium] ΓÇ║ e2e\auth-flow.spec.ts:4:5 ΓÇ║ Authentication Flow ΓÇ║ User can sign up, sign out, and sign in 

    [31mTest timeout of 60000ms exceeded.[39m

    Error: page.waitForURL: Test timeout of 60000ms exceeded.
    =========================== logs ===========================
    waiting for navigation until "load"
    ============================================================

      33 |         // Click Log out
      34 |         await Promise.all([
    > 35 |             page.waitForURL(/\/sign-in/),
         |                  ^
      36 |             page.click('text=Log out')
      37 |         ]);
      38 |
        at C:\Users\Themba\Documents\org1128\matricmaster\e2e\auth-flow.spec.ts:35:18

    attachment #1: screenshot (image/png) ΓöÇΓöÇΓöÇΓöÇΓöÇΓöÇΓöÇΓöÇΓöÇΓöÇΓöÇΓöÇΓöÇΓöÇΓöÇΓöÇΓöÇΓöÇΓöÇΓöÇΓöÇΓöÇΓöÇΓöÇΓöÇΓöÇΓöÇΓöÇΓöÇΓöÇΓöÇΓöÇΓöÇΓöÇΓöÇΓöÇΓöÇΓöÇΓöÇΓöÇΓöÇΓöÇΓöÇΓöÇΓöÇΓöÇΓöÇΓöÇΓöÇΓöÇΓöÇΓöÇΓöÇΓöÇΓöÇΓöÇΓöÇΓöÇ
    test-results\auth-flow-Authentication-F-00371-ign-up-sign-out-and-sign-in-chromium\test-failed-1.png
    ΓöÇΓöÇΓöÇΓöÇΓöÇΓöÇΓöÇΓöÇΓöÇΓöÇΓöÇΓöÇΓöÇΓöÇΓöÇΓöÇΓöÇΓöÇΓöÇΓöÇΓöÇΓöÇΓöÇΓöÇΓöÇΓöÇΓöÇΓöÇΓöÇΓöÇΓöÇΓöÇΓöÇΓöÇΓöÇΓöÇΓöÇΓöÇΓöÇΓöÇΓöÇΓöÇΓöÇΓöÇΓöÇΓöÇΓöÇΓöÇΓöÇΓöÇΓöÇΓöÇΓöÇΓöÇΓöÇΓöÇΓöÇΓöÇΓöÇΓöÇΓöÇΓöÇΓöÇΓöÇΓöÇΓöÇΓöÇΓöÇΓöÇΓöÇΓöÇΓöÇΓöÇΓöÇΓöÇΓöÇΓöÇΓöÇΓöÇΓöÇΓöÇΓöÇΓöÇΓöÇΓöÇΓöÇΓöÇΓöÇΓöÇΓöÇΓöÇΓöÇΓöÇΓöÇΓöÇΓöÇ

    Error Context: test-results\auth-flow-Authentication-F-00371-ign-up-sign-out-and-sign-in-chromium\error-context.md

  1 failed
    [chromium] ΓÇ║ e2e\auth-flow.spec.ts:4:5 ΓÇ║ Authentication Flow ΓÇ║ User can sign up, sign out, and sign in 
